// Jest Snapshot v1, https://goo.gl/fbAQLP

exports[`Header renders unchanged 1`] = `
<div>
  <header
    class="fixed top-0 flex-between left-0 
        w-screen px-[5%] lg:px-[8.335%] h-14 py-[5dvh] sm:py-[6.5dvh] lg:py-[8dvh] font-text
        bg-white"
    style="background-color: rgba(255, 255, 255, 0);"
  >
    <img
      alt="logo"
      class="w-1/3 sm:w-1/4 md:w-1/5 lg:w-1/6 2xl:w-[14%]"
      data-nimg="1"
      decoding="async"
      height="200"
      loading="lazy"
      src="/_next/image?url=%2Flogo-02.png&w=640&q=75"
      srcset="/_next/image?url=%2Flogo-02.png&w=256&q=75 1x, /_next/image?url=%2Flogo-02.png&w=640&q=75 2x"
      style="color: transparent;"
      width="200"
    />
    <button
      class="flex-between py-1 px-3 xsm:py-1.5 xsm:px-4 xl:px-6 border-2 
            border-negro rounded-[10px] lg:rounded-2xl 
            gap-2 lg:gap-4 font-semibold text-sm xsm:text-base"
    >
      <span
        class="pb-0.5 lg:pb-0"
      >
        Menú
      </span>
      <img
        alt="icono menú"
        class="w-5 h-5 xsm:w-6 xsm:h-6"
        data-nimg="1"
        decoding="async"
        height="50"
        loading="lazy"
        src="/_next/image?url=%2Ficons%2FhgMenu.png&w=128&q=75"
        srcset="/_next/image?url=%2Ficons%2FhgMenu.png&w=64&q=75 1x, /_next/image?url=%2Ficons%2FhgMenu.png&w=128&q=75 2x"
        style="color: transparent;"
        width="50"
      />
    </button>
  </header>
</div>
`;
